// Jest Snapshot v1, https://goo.gl/fbAQLP

exports[`Characters matches a snapshot 1`] = `
<table>
  <ul>
    <li>
      Rick Sanchez
    </li>
    <li>
      Alive
    </li>
    <li>
      Human
    </li>
    <li>
      Male
    </li>
  </ul>
  <ul>
    <li>
      Morty Smith
    </li>
    <li>
      Alive
    </li>
    <li>
      Human
    </li>
    <li>
      Male
    </li>
  </ul>
  <ul>
    <li>
      Summer Smith
    </li>
    <li>
      Alive
    </li>
    <li>
      Human
    </li>
    <li>
      Female
    </li>
  </ul>
  <ul>
    <li>
      Beth Smith
    </li>
    <li>
      Alive
    </li>
    <li>
      Human
    </li>
    <li>
      Female
    </li>
  </ul>
  <ul>
    <li>
      Jerry Smith
    </li>
    <li>
      Alive
    </li>
    <li>
      Human
    </li>
    <li>
      Male
    </li>
  </ul>
  <ul>
    <li>
      Abadango Cluster Princess
    </li>
    <li>
      Alive
    </li>
    <li>
      Alien
    </li>
    <li>
      Female
    </li>
  </ul>
  <ul>
    <li>
      Abradolf Lincler
    </li>
    <li>
      unknown
    </li>
    <li>
      Human
    </li>
    <li>
      Male
    </li>
  </ul>
  <ul>
    <li>
      Adjudicator Rick
    </li>
    <li>
      Dead
    </li>
    <li>
      Human
    </li>
    <li>
      Male
    </li>
  </ul>
  <ul>
    <li>
      Agency Director
    </li>
    <li>
      Dead
    </li>
    <li>
      Human
    </li>
    <li>
      Male
    </li>
  </ul>
  <ul>
    <li>
      Alan Rails
    </li>
    <li>
      Dead
    </li>
    <li>
      Human
    </li>
    <li>
      Male
    </li>
  </ul>
  <ul>
    <li>
      Albert Einstein
    </li>
    <li>
      Dead
    </li>
    <li>
      Human
    </li>
    <li>
      Male
    </li>
  </ul>
  <ul>
    <li>
      Alexander
    </li>
    <li>
      Dead
    </li>
    <li>
      Human
    </li>
    <li>
      Male
    </li>
  </ul>
  <ul>
    <li>
      Alien Googah
    </li>
    <li>
      unknown
    </li>
    <li>
      Alien
    </li>
    <li>
      unknown
    </li>
  </ul>
  <ul>
    <li>
      Alien Morty
    </li>
    <li>
      unknown
    </li>
    <li>
      Alien
    </li>
    <li>
      Male
    </li>
  </ul>
  <ul>
    <li>
      Alien Rick
    </li>
    <li>
      unknown
    </li>
    <li>
      Alien
    </li>
    <li>
      Male
    </li>
  </ul>
  <ul>
    <li>
      Amish Cyborg
    </li>
    <li>
      Dead
    </li>
    <li>
      Alien
    </li>
    <li>
      Male
    </li>
  </ul>
  <ul>
    <li>
      Annie
    </li>
    <li>
      Alive
    </li>
    <li>
      Human
    </li>
    <li>
      Female
    </li>
  </ul>
  <ul>
    <li>
      Antenna Morty
    </li>
    <li>
      Alive
    </li>
    <li>
      Human
    </li>
    <li>
      Male
    </li>
  </ul>
  <ul>
    <li>
      Antenna Rick
    </li>
    <li>
      unknown
    </li>
    <li>
      Human
    </li>
    <li>
      Male
    </li>
  </ul>
  <ul>
    <li>
      Ants in my Eyes Johnson
    </li>
    <li>
      unknown
    </li>
    <li>
      Human
    </li>
    <li>
      Male
    </li>
  </ul>
</table>
`;
