// Jest Snapshot v1, https://goo.gl/fbAQLP

exports[`Characters matches a snapshot 1`] = `
Array [
  <section
    style={
      Object {
        "background": "cyan",
        "marginLeft": "10px",
        "textAlign": "center",
        "zIndex": "auto",
      }
    }
  >
    <div
      style={
        Object {
          "fontSize": "12px",
          "margin": "10px 5px 0px 5px",
        }
      }
    >
      <p>
        1
         of 
        1
      </p>
    </div>
  </section>,
  <div
    className="characters"
  >
    <h2>
      Characters
    </h2>
    <br />
  </div>,
]
`;
