// Jest Snapshot v1, https://goo.gl/fbAQLP

exports[`Character matches a snapshot 1`] = `
<div
  className="characters"
>
  <header>
    <p>
      Current Page: 
      1
    </p>
    <p>
      Total Pages: 
      1
    </p>
  </header>
  <button
    onClick={[Function]}
  >
    &lt;
  </button>
  <button
    onClick={[Function]}
  >
    &gt;
  </button>
  <ul />
</div>
`;
