// Jest Snapshot v1, https://goo.gl/fbAQLP

exports[`does things matches a snapchat 1`] = `
<ul>
  <li>
    <p>
       
      Rick Sanchez
       
    </p>
    <p>
       
      Human
       
    </p>
    <p>
       
      Male
       
    </p>
  </li>
  <li>
    <p>
       
      Morty Smith
       
    </p>
    <p>
       
      Human
       
    </p>
    <p>
       
      Male
       
    </p>
  </li>
  <li>
    <p>
       
      Summer Smith
       
    </p>
    <p>
       
      Human
       
    </p>
    <p>
       
      Female
       
    </p>
  </li>
  <li>
    <p>
       
      Beth Smith
       
    </p>
    <p>
       
      Human
       
    </p>
    <p>
       
      Female
       
    </p>
  </li>
  <li>
    <p>
       
      Jerry Smith
       
    </p>
    <p>
       
      Human
       
    </p>
    <p>
       
      Male
       
    </p>
  </li>
  <li>
    <p>
       
      Abadango Cluster Princess
       
    </p>
    <p>
       
      Alien
       
    </p>
    <p>
       
      Female
       
    </p>
  </li>
  <li>
    <p>
       
      Abradolf Lincler
       
    </p>
    <p>
       
      Human
       
    </p>
    <p>
       
      Male
       
    </p>
  </li>
  <li>
    <p>
       
      Adjudicator Rick
       
    </p>
    <p>
       
      Human
       
    </p>
    <p>
       
      Male
       
    </p>
  </li>
  <li>
    <p>
       
      Agency Director
       
    </p>
    <p>
       
      Human
       
    </p>
    <p>
       
      Male
       
    </p>
  </li>
  <li>
    <p>
       
      Alan Rails
       
    </p>
    <p>
       
      Human
       
    </p>
    <p>
       
      Male
       
    </p>
  </li>
  <li>
    <p>
       
      Albert Einstein
       
    </p>
    <p>
       
      Human
       
    </p>
    <p>
       
      Male
       
    </p>
  </li>
  <li>
    <p>
       
      Alexander
       
    </p>
    <p>
       
      Human
       
    </p>
    <p>
       
      Male
       
    </p>
  </li>
  <li>
    <p>
       
      Alien Googah
       
    </p>
    <p>
       
      Alien
       
    </p>
    <p>
       
      unknown
       
    </p>
  </li>
  <li>
    <p>
       
      Alien Morty
       
    </p>
    <p>
       
      Alien
       
    </p>
    <p>
       
      Male
       
    </p>
  </li>
  <li>
    <p>
       
      Alien Rick
       
    </p>
    <p>
       
      Alien
       
    </p>
    <p>
       
      Male
       
    </p>
  </li>
  <li>
    <p>
       
      Amish Cyborg
       
    </p>
    <p>
       
      Alien
       
    </p>
    <p>
       
      Male
       
    </p>
  </li>
  <li>
    <p>
       
      Annie
       
    </p>
    <p>
       
      Human
       
    </p>
    <p>
       
      Female
       
    </p>
  </li>
  <li>
    <p>
       
      Antenna Morty
       
    </p>
    <p>
       
      Human
       
    </p>
    <p>
       
      Male
       
    </p>
  </li>
  <li>
    <p>
       
      Antenna Rick
       
    </p>
    <p>
       
      Human
       
    </p>
    <p>
       
      Male
       
    </p>
  </li>
  <li>
    <p>
       
      Ants in my Eyes Johnson
       
    </p>
    <p>
       
      Human
       
    </p>
    <p>
       
      Male
       
    </p>
  </li>
</ul>
`;
