// Jest Snapshot v1, https://goo.gl/fbAQLP

exports[`App matches a snapshot 1`] = `
Array [
  <h1>
    Rick and Morty CHARACTERS
  </h1>,
  <div
    className="buttons"
  >
    <button
      onClick={[Function]}
    >
      Back
    </button>
    <p>
      1
       / 
    </p>
    <button
      onClick={[Function]}
    >
      Forward
    </button>
  </div>,
  <ul />,
]
`;
